// Jest Snapshot v1, https://goo.gl/fbAQLP

exports[`Query component should call children with the query state 1`] = `
<div>
  {"actions":{},"loading":false,"error":null,"data":{"foo":"bar"}}
</div>
`;
